WARNING: A terminally deprecated method in sun.misc.Unsafe has been called
WARNING: sun.misc.Unsafe::staticFieldBase has been called by com.google.inject.internal.aop.HiddenClassDefiner (file:/C:/Users/haiyangl/dev-softwares/apache-maven-3.9.11/lib/guice-5.1.0-classes.jar)
WARNING: Please consider reporting this to the maintainers of class com.google.inject.internal.aop.HiddenClassDefiner
WARNING: sun.misc.Unsafe::staticFieldBase will be removed in a future release
[INFO] Scanning for projects...
[INFO] 
[INFO] ----------------------< com.landawn:ofbiz-abacus >----------------------
[INFO] Building ofbiz-abacus 0.8.0
[INFO]   from pom.xml
[INFO] --------------------------------[ jar ]---------------------------------
[INFO] 
[INFO] >>> spring-boot:4.0.6:run (default-cli) > test-compile @ ofbiz-abacus >>>
[INFO] 
[INFO] --- jacoco:0.8.14:prepare-agent (prepare-agent) @ ofbiz-abacus ---
[INFO] argLine set to -javaagent:C:\\Users\\haiyangl\\.m2\\repository\\org\\jacoco\\org.jacoco.agent\\0.8.14\\org.jacoco.agent-0.8.14-runtime.jar=destfile=C:\\Users\\haiyangl\\Landawn\\ofbiz-abacus\\target\\jacoco.exec
[INFO] 
[INFO] --- resources:3.3.1:resources (default-resources) @ ofbiz-abacus ---
[INFO] Copying 1 resource from src\main\resources to target\classes
[INFO] Copying 2 resources from src\main\resources to target\classes
[INFO] 
[INFO] --- compiler:3.14.1:compile (default-compile) @ ofbiz-abacus ---
[INFO] Nothing to compile - all classes are up to date.
[INFO] 
[INFO] --- resources:3.3.1:testResources (default-testResources) @ ofbiz-abacus ---
[INFO] Copying 0 resource from src\test\resources to target\test-classes
[INFO] 
[INFO] --- compiler:3.14.1:testCompile (default-testCompile) @ ofbiz-abacus ---
[INFO] Nothing to compile - all classes are up to date.
[INFO] 
[INFO] <<< spring-boot:4.0.6:run (default-cli) < test-compile @ ofbiz-abacus <<<
[INFO] 
[INFO] 
[INFO] --- spring-boot:4.0.6:run (default-cli) @ ofbiz-abacus ---
[INFO] Attaching agents: []

  .   ____          _            __ _ _
 /\\ / ___'_ __ _ _(_)_ __  __ _ \ \ \ \
( ( )\___ | '_ | '_| | '_ \/ _` | \ \ \ \
 \\/  ___)| |_)| | | | | || (_| |  ) ) ) )
  '  |____| .__|_| |_|_| |_\__, | / / / /
 =========|_|==============|___/=/_/_/_/

 :: Spring Boot ::                (v4.0.6)

2026-05-30T13:09:22.105-07:00  INFO 12788 --- [ofbiz-abacus] [  restartedMain] c.landawn.ofbiz.OfbizAbacusApplication   : Starting OfbizAbacusApplication using Java 25 with PID 12788 (C:\Users\haiyangl\Landawn\ofbiz-abacus\target\classes started by haiyangl in C:\Users\haiyangl\Landawn\ofbiz-abacus)
2026-05-30T13:09:22.107-07:00 DEBUG 12788 --- [ofbiz-abacus] [  restartedMain] c.landawn.ofbiz.OfbizAbacusApplication   : Running with Spring Boot v4.0.6, Spring v7.0.7
2026-05-30T13:09:22.108-07:00  INFO 12788 --- [ofbiz-abacus] [  restartedMain] c.landawn.ofbiz.OfbizAbacusApplication   : No active profile set, falling back to 1 default profile: "default"
2026-05-30T13:09:22.165-07:00  INFO 12788 --- [ofbiz-abacus] [  restartedMain] .e.DevToolsPropertyDefaultsPostProcessor : Devtools property defaults active! Set 'spring.devtools.add-properties' to 'false' to disable
2026-05-30T13:09:22.166-07:00  INFO 12788 --- [ofbiz-abacus] [  restartedMain] .e.DevToolsPropertyDefaultsPostProcessor : For additional web related logging consider setting the 'logging.level.web' property to 'DEBUG'
2026-05-30T13:09:25.678-07:00  INFO 12788 --- [ofbiz-abacus] [  restartedMain] o.s.boot.tomcat.TomcatWebServer          : Tomcat initialized with port 8080 (http)
2026-05-30T13:09:25.698-07:00  INFO 12788 --- [ofbiz-abacus] [  restartedMain] o.apache.catalina.core.StandardService   : Starting service [Tomcat]
2026-05-30T13:09:25.698-07:00  INFO 12788 --- [ofbiz-abacus] [  restartedMain] o.apache.catalina.core.StandardEngine    : Starting Servlet engine: [Apache Tomcat/11.0.21]
2026-05-30T13:09:25.759-07:00  INFO 12788 --- [ofbiz-abacus] [  restartedMain] b.w.c.s.WebApplicationContextInitializer : Root WebApplicationContext: initialization completed in 3593 ms
2026-05-30T13:09:26.092-07:00 DEBUG 12788 --- [ofbiz-abacus] [  restartedMain] com.landawn.ofbiz.web.AccessLogFilter    : Filter 'accessLogFilter' configured for use
2026-05-30T13:09:26.274-07:00  INFO 12788 --- [ofbiz-abacus] [  restartedMain] c.landawn.abacus.logging.LoggerFactory   : Initialized with SLF4J Logger
2026-05-30T13:09:26.274-07:00  INFO 12788 --- [ofbiz-abacus] [  restartedMain] com.landawn.abacus.jdbc.JdbcUtil         : Initialized with SLF4J Logger
2026-05-30T13:09:26.822-07:00  INFO 12788 --- [ofbiz-abacus] [  restartedMain] com.landawn.abacus.util.ClassUtil        : Looking for classes in package: com.landawn.abacus.jdbc.dao
2026-05-30T13:09:26.823-07:00  INFO 12788 --- [ofbiz-abacus] [  restartedMain] com.landawn.abacus.util.ClassUtil        : Found resources: [jar:file:/C:/Users/haiyangl/.m2/repository/com/landawn/abacus/abacus-jdbc/4.7.2/abacus-jdbc-4.7.2.jar!/com/landawn/abacus/jdbc/dao/] by package name(com.landawn.abacus.jdbc.dao)
2026-05-30T13:09:26.824-07:00  INFO 12788 --- [ofbiz-abacus] [  restartedMain] com.landawn.abacus.util.ClassUtil        : ClassDiscovery: FullPath = /C:/Users/haiyangl/.m2/repository/com/landawn/abacus/abacus-jdbc/4.7.2/abacus-jdbc-4.7.2.jar
2026-05-30T13:09:26.887-07:00  INFO 12788 --- [ofbiz-abacus] [  restartedMain] com.landawn.abacus.util.ClassUtil        : Looking for classes in package: com.landawn.abacus.jdbc.dao
2026-05-30T13:09:26.887-07:00  INFO 12788 --- [ofbiz-abacus] [  restartedMain] com.landawn.abacus.util.ClassUtil        : Found resources: [jar:file:/C:/Users/haiyangl/.m2/repository/com/landawn/abacus/abacus-jdbc/4.7.2/abacus-jdbc-4.7.2.jar!/com/landawn/abacus/jdbc/dao/] by package name(com.landawn.abacus.jdbc.dao)
2026-05-30T13:09:26.888-07:00  INFO 12788 --- [ofbiz-abacus] [  restartedMain] com.landawn.abacus.util.ClassUtil        : ClassDiscovery: FullPath = /C:/Users/haiyangl/.m2/repository/com/landawn/abacus/abacus-jdbc/4.7.2/abacus-jdbc-4.7.2.jar
2026-05-30T13:09:26.946-07:00  INFO 12788 --- [ofbiz-abacus] [  restartedMain] com.zaxxer.hikari.HikariDataSource       : HikariPool-1 - Starting...
2026-05-30T13:09:27.220-07:00  INFO 12788 --- [ofbiz-abacus] [  restartedMain] com.zaxxer.hikari.pool.HikariPool        : HikariPool-1 - Added connection conn0: url=jdbc:h2:mem:ofbiz user=SA
2026-05-30T13:09:27.223-07:00  INFO 12788 --- [ofbiz-abacus] [  restartedMain] com.zaxxer.hikari.HikariDataSource       : HikariPool-1 - Start completed.
2026-05-30T13:09:27.311-07:00  WARN 12788 --- [ofbiz-abacus] [  restartedMain] com.landawn.abacus.parser.ASMUtil        : ASM is not available by com.esotericsoftware.reflectasm due to exception: java.lang.ClassNotFoundException
2026-05-30T13:09:27.312-07:00  INFO 12788 --- [ofbiz-abacus] [  restartedMain] com.landawn.abacus.parser.ASMUtil        : ASM is not available by com.esotericsoftware.reflectasm
2026-05-30T13:09:27.911-07:00  WARN 12788 --- [ofbiz-abacus] [  restartedMain] com.landawn.abacus.type.TypeFactory      : Size of type pool reaches: 500 with initialized pool size: 8192
2026-05-30T13:10:38.415-07:00  INFO 12788 --- [ofbiz-abacus] [  restartedMain] com.landawn.ofbiz.dao.AcctgTransDao      : Created Dao proxy(interface=com.landawn.ofbiz.dao.AcctgTransDao, targetTableName=null, methods=293)
2026-05-30T13:11:43.861-07:00  INFO 12788 --- [ofbiz-abacus] [  restartedMain] c.landawn.ofbiz.dao.AcctgTransEntryDao   : Created Dao proxy(interface=com.landawn.ofbiz.dao.AcctgTransEntryDao, targetTableName=null, methods=293)
2026-05-30T13:11:43.933-07:00  INFO 12788 --- [ofbiz-abacus] [  restartedMain] com.landawn.ofbiz.dao.AgreementDao       : Created Dao proxy(interface=com.landawn.ofbiz.dao.AgreementDao, targetTableName=null, methods=293)
2026-05-30T13:11:44.029-07:00  INFO 12788 --- [ofbiz-abacus] [  restartedMain] com.landawn.ofbiz.dao.AgreementItemDao   : Created Dao proxy(interface=com.landawn.ofbiz.dao.AgreementItemDao, targetTableName=null, methods=293)
2026-05-30T13:11:44.125-07:00  INFO 12788 --- [ofbiz-abacus] [  restartedMain] com.landawn.ofbiz.dao.AgreementRoleDao   : Created Dao proxy(interface=com.landawn.ofbiz.dao.AgreementRoleDao, targetTableName=null, methods=293)
2026-05-30T13:11:44.265-07:00  INFO 12788 --- [ofbiz-abacus] [  restartedMain] com.landawn.ofbiz.dao.AgreementTermDao   : Created Dao proxy(interface=com.landawn.ofbiz.dao.AgreementTermDao, targetTableName=null, methods=293)
2026-05-30T13:11:44.382-07:00  INFO 12788 --- [ofbiz-abacus] [  restartedMain] c.l.ofbiz.dao.AgreementProductApplDao    : Created Dao proxy(interface=com.landawn.ofbiz.dao.AgreementProductApplDao, targetTableName=null, methods=293)
2026-05-30T13:11:49.512-07:00  INFO 12788 --- [ofbiz-abacus] [  restartedMain] c.l.o.dao.AgreementWorkEffortApplicDao   : Created Dao proxy(interface=com.landawn.ofbiz.dao.AgreementWorkEffortApplicDao, targetTableName=null, methods=293)
2026-05-30T13:11:49.591-07:00  INFO 12788 --- [ofbiz-abacus] [  restartedMain] com.landawn.ofbiz.dao.InvoiceDao         : Created Dao proxy(interface=com.landawn.ofbiz.dao.InvoiceDao, targetTableName=null, methods=293)
2026-05-30T13:11:49.648-07:00  WARN 12788 --- [ofbiz-abacus] [  restartedMain] com.landawn.abacus.type.TypeFactory      : Size of type pool reaches: 600 with initialized pool size: 8192
2026-05-30T13:11:51.241-07:00  INFO 12788 --- [ofbiz-abacus] [  restartedMain] com.landawn.ofbiz.dao.InvoiceItemDao     : Created Dao proxy(interface=com.landawn.ofbiz.dao.InvoiceItemDao, targetTableName=null, methods=293)
2026-05-30T13:11:51.334-07:00  INFO 12788 --- [ofbiz-abacus] [  restartedMain] com.landawn.ofbiz.dao.InvoiceRoleDao     : Created Dao proxy(interface=com.landawn.ofbiz.dao.InvoiceRoleDao, targetTableName=null, methods=293)
2026-05-30T13:11:51.419-07:00  INFO 12788 --- [ofbiz-abacus] [  restartedMain] com.landawn.ofbiz.dao.InvoiceTermDao     : Created Dao proxy(interface=com.landawn.ofbiz.dao.InvoiceTermDao, targetTableName=null, methods=293)
2026-05-30T13:11:51.483-07:00  INFO 12788 --- [ofbiz-abacus] [  restartedMain] c.l.o.dao.InvoiceItemTypeGlAccountDao    : Created Dao proxy(interface=com.landawn.ofbiz.dao.InvoiceItemTypeGlAccountDao, targetTableName=null, methods=293)
2026-05-30T13:11:51.558-07:00  INFO 12788 --- [ofbiz-abacus] [  restartedMain] c.l.o.dao.PaymentMethodTypeGlAccountDao  : Created Dao proxy(interface=com.landawn.ofbiz.dao.PaymentMethodTypeGlAccountDao, targetTableName=null, methods=293)
2026-05-30T13:11:51.621-07:00  INFO 12788 --- [ofbiz-abacus] [  restartedMain] com.landawn.ofbiz.dao.GlAccountDao       : Created Dao proxy(interface=com.landawn.ofbiz.dao.GlAccountDao, targetTableName=null, methods=293)
2026-05-30T13:11:51.683-07:00  INFO 12788 --- [ofbiz-abacus] [  restartedMain] c.l.ofbiz.dao.GlAccountCategoryDao       : Created Dao proxy(interface=com.landawn.ofbiz.dao.GlAccountCategoryDao, targetTableName=null, methods=293)
2026-05-30T13:11:51.744-07:00  INFO 12788 --- [ofbiz-abacus] [  restartedMain] c.l.ofbiz.dao.GlAccountOrganizationDao   : Created Dao proxy(interface=com.landawn.ofbiz.dao.GlAccountOrganizationDao, targetTableName=null, methods=293)
2026-05-30T13:11:51.812-07:00  INFO 12788 --- [ofbiz-abacus] [  restartedMain] com.landawn.ofbiz.dao.GlJournalDao       : Created Dao proxy(interface=com.landawn.ofbiz.dao.GlJournalDao, targetTableName=null, methods=293)
2026-05-30T13:11:51.885-07:00  INFO 12788 --- [ofbiz-abacus] [  restartedMain] c.landawn.ofbiz.dao.GlReconciliationDao  : Created Dao proxy(interface=com.landawn.ofbiz.dao.GlReconciliationDao, targetTableName=null, methods=293)
2026-05-30T13:11:52.278-07:00  INFO 12788 --- [ofbiz-abacus] [  restartedMain] com.landawn.ofbiz.dao.PaymentDao         : Created Dao proxy(interface=com.landawn.ofbiz.dao.PaymentDao, targetTableName=null, methods=293)
2026-05-30T13:12:01.445-07:00  INFO 12788 --- [ofbiz-abacus] [  restartedMain] c.l.ofbiz.dao.PaymentApplicationDao      : Created Dao proxy(interface=com.landawn.ofbiz.dao.PaymentApplicationDao, targetTableName=null, methods=293)
2026-05-30T13:12:01.672-07:00  INFO 12788 --- [ofbiz-abacus] [  restartedMain] com.landawn.ofbiz.dao.PaymentGroupDao    : Created Dao proxy(interface=com.landawn.ofbiz.dao.PaymentGroupDao, targetTableName=null, methods=293)
2026-05-30T13:12:06.426-07:00  INFO 12788 --- [ofbiz-abacus] [  restartedMain] c.l.ofbiz.dao.PaymentGroupMemberDao      : Created Dao proxy(interface=com.landawn.ofbiz.dao.PaymentGroupMemberDao, targetTableName=null, methods=293)
2026-05-30T13:12:06.512-07:00  INFO 12788 --- [ofbiz-abacus] [  restartedMain] com.landawn.ofbiz.dao.FinAccountDao      : Created Dao proxy(interface=com.landawn.ofbiz.dao.FinAccountDao, targetTableName=null, methods=293)
2026-05-30T13:12:06.627-07:00  INFO 12788 --- [ofbiz-abacus] [  restartedMain] c.landawn.ofbiz.dao.FinAccountAuthDao    : Created Dao proxy(interface=com.landawn.ofbiz.dao.FinAccountAuthDao, targetTableName=null, methods=293)
2026-05-30T13:12:06.773-07:00  INFO 12788 --- [ofbiz-abacus] [  restartedMain] c.landawn.ofbiz.dao.FinAccountRoleDao    : Created Dao proxy(interface=com.landawn.ofbiz.dao.FinAccountRoleDao, targetTableName=null, methods=293)
2026-05-30T13:12:08.004-07:00  INFO 12788 --- [ofbiz-abacus] [  restartedMain] c.landawn.ofbiz.dao.FinAccountTransDao   : Created Dao proxy(interface=com.landawn.ofbiz.dao.FinAccountTransDao, targetTableName=null, methods=293)
2026-05-30T13:12:08.197-07:00  INFO 12788 --- [ofbiz-abacus] [  restartedMain] com.landawn.ofbiz.dao.FixedAssetDao      : Created Dao proxy(interface=com.landawn.ofbiz.dao.FixedAssetDao, targetTableName=null, methods=293)
2026-05-30T13:12:09.528-07:00  INFO 12788 --- [ofbiz-abacus] [  restartedMain] c.landawn.ofbiz.dao.FixedAssetIdentDao   : Created Dao proxy(interface=com.landawn.ofbiz.dao.FixedAssetIdentDao, targetTableName=null, methods=293)
2026-05-30T13:12:16.090-07:00  INFO 12788 --- [ofbiz-abacus] [  restartedMain] c.landawn.ofbiz.dao.FixedAssetMaintDao   : Created Dao proxy(interface=com.landawn.ofbiz.dao.FixedAssetMaintDao, targetTableName=null, methods=293)
2026-05-30T13:12:17.473-07:00  INFO 12788 --- [ofbiz-abacus] [  restartedMain] c.l.ofbiz.dao.FixedAssetRegistrationDao  : Created Dao proxy(interface=com.landawn.ofbiz.dao.FixedAssetRegistrationDao, targetTableName=null, methods=293)
2026-05-30T13:12:18.660-07:00  INFO 12788 --- [ofbiz-abacus] [  restartedMain] c.l.ofbiz.dao.FixedAssetStdCostDao       : Created Dao proxy(interface=com.landawn.ofbiz.dao.FixedAssetStdCostDao, targetTableName=null, methods=293)
2026-05-30T13:12:18.729-07:00  INFO 12788 --- [ofbiz-abacus] [  restartedMain] com.landawn.ofbiz.dao.TaxAuthorityDao    : Created Dao proxy(interface=com.landawn.ofbiz.dao.TaxAuthorityDao, targetTableName=null, methods=293)
2026-05-30T13:12:18.809-07:00  INFO 12788 --- [ofbiz-abacus] [  restartedMain] c.l.ofbiz.dao.TaxAuthorityAssocDao       : Created Dao proxy(interface=com.landawn.ofbiz.dao.TaxAuthorityAssocDao, targetTableName=null, methods=293)
2026-05-30T13:12:18.881-07:00  INFO 12788 --- [ofbiz-abacus] [  restartedMain] c.l.ofbiz.dao.TaxAuthorityCategoryDao    : Created Dao proxy(interface=com.landawn.ofbiz.dao.TaxAuthorityCategoryDao, targetTableName=null, methods=293)
2026-05-30T13:12:18.955-07:00  INFO 12788 --- [ofbiz-abacus] [  restartedMain] c.l.ofbiz.dao.TaxAuthorityGlAccountDao   : Created Dao proxy(interface=com.landawn.ofbiz.dao.TaxAuthorityGlAccountDao, targetTableName=null, methods=293)
2026-05-30T13:12:19.037-07:00  INFO 12788 --- [ofbiz-abacus] [  restartedMain] c.l.o.dao.TaxAuthorityRateProductDao     : Created Dao proxy(interface=com.landawn.ofbiz.dao.TaxAuthorityRateProductDao, targetTableName=null, methods=293)
2026-05-30T13:12:19.125-07:00  INFO 12788 --- [ofbiz-abacus] [  restartedMain] com.landawn.ofbiz.dao.BudgetDao          : Created Dao proxy(interface=com.landawn.ofbiz.dao.BudgetDao, targetTableName=null, methods=293)
2026-05-30T13:12:19.200-07:00  INFO 12788 --- [ofbiz-abacus] [  restartedMain] com.landawn.ofbiz.dao.BudgetItemDao      : Created Dao proxy(interface=com.landawn.ofbiz.dao.BudgetItemDao, targetTableName=null, methods=293)
2026-05-30T13:12:19.279-07:00  INFO 12788 --- [ofbiz-abacus] [  restartedMain] com.landawn.ofbiz.dao.BudgetReviewDao    : Created Dao proxy(interface=com.landawn.ofbiz.dao.BudgetReviewDao, targetTableName=null, methods=293)
2026-05-30T13:12:19.349-07:00  INFO 12788 --- [ofbiz-abacus] [  restartedMain] com.landawn.ofbiz.dao.BudgetRoleDao      : Created Dao proxy(interface=com.landawn.ofbiz.dao.BudgetRoleDao, targetTableName=null, methods=293)
2026-05-30T13:12:19.408-07:00  INFO 12788 --- [ofbiz-abacus] [  restartedMain] c.landawn.ofbiz.dao.BillingAccountDao    : Created Dao proxy(interface=com.landawn.ofbiz.dao.BillingAccountDao, targetTableName=null, methods=293)
2026-05-30T13:12:19.486-07:00  INFO 12788 --- [ofbiz-abacus] [  restartedMain] c.l.ofbiz.dao.BillingAccountTermDao      : Created Dao proxy(interface=com.landawn.ofbiz.dao.BillingAccountTermDao, targetTableName=null, methods=293)
2026-05-30T13:12:19.559-07:00  INFO 12788 --- [ofbiz-abacus] [  restartedMain] c.landawn.ofbiz.dao.CustomTimePeriodDao  : Created Dao proxy(interface=com.landawn.ofbiz.dao.CustomTimePeriodDao, targetTableName=null, methods=293)
2026-05-30T13:12:19.673-07:00  INFO 12788 --- [ofbiz-abacus] [  restartedMain] c.l.ofbiz.dao.PartyAcctgPreferenceDao    : Created Dao proxy(interface=com.landawn.ofbiz.dao.PartyAcctgPreferenceDao, targetTableName=null, methods=293)
2026-05-30T13:12:19.847-07:00  INFO 12788 --- [ofbiz-abacus] [  restartedMain] com.landawn.ofbiz.dao.FacilityDao        : Created Dao proxy(interface=com.landawn.ofbiz.dao.FacilityDao, targetTableName=null, methods=293)
2026-05-30T13:12:19.906-07:00  INFO 12788 --- [ofbiz-abacus] [  restartedMain] com.landawn.ofbiz.dao.PartyGroupDao      : Created Dao proxy(interface=com.landawn.ofbiz.dao.PartyGroupDao, targetTableName=null, methods=293)
2026-05-30T13:12:19.961-07:00  INFO 12788 --- [ofbiz-abacus] [  restartedMain] com.landawn.ofbiz.dao.ProdCatalogDao     : Created Dao proxy(interface=com.landawn.ofbiz.dao.ProdCatalogDao, targetTableName=null, methods=203)
2026-05-30T13:12:20.014-07:00  INFO 12788 --- [ofbiz-abacus] [  restartedMain] c.landawn.ofbiz.dao.ProductCategoryDao   : Created Dao proxy(interface=com.landawn.ofbiz.dao.ProductCategoryDao, targetTableName=null, methods=293)
2026-05-30T13:12:20.085-07:00  INFO 12788 --- [ofbiz-abacus] [  restartedMain] com.landawn.ofbiz.dao.ProductStoreDao    : Created Dao proxy(interface=com.landawn.ofbiz.dao.ProductStoreDao, targetTableName=null, methods=293)
2026-05-30T13:12:20.151-07:00  INFO 12788 --- [ofbiz-abacus] [  restartedMain] com.landawn.ofbiz.dao.WebSiteDao         : Created Dao proxy(interface=com.landawn.ofbiz.dao.WebSiteDao, targetTableName=null, methods=293)
2026-05-30T13:12:20.398-07:00  INFO 12788 --- [ofbiz-abacus] [  restartedMain] com.landawn.ofbiz.dao.ContentDao         : Created Dao proxy(interface=com.landawn.ofbiz.dao.ContentDao, targetTableName=null, methods=293)
2026-05-30T13:12:20.533-07:00  INFO 12788 --- [ofbiz-abacus] [  restartedMain] com.landawn.ofbiz.dao.ContentAssocDao    : Created Dao proxy(interface=com.landawn.ofbiz.dao.ContentAssocDao, targetTableName=null, methods=293)
2026-05-30T13:12:20.576-07:00  INFO 12788 --- [ofbiz-abacus] [  restartedMain] c.l.ofbiz.dao.ContentAssocPredicateDao   : Created Dao proxy(interface=com.landawn.ofbiz.dao.ContentAssocPredicateDao, targetTableName=null, methods=203)
2026-05-30T13:12:20.610-07:00  INFO 12788 --- [ofbiz-abacus] [  restartedMain] c.landawn.ofbiz.dao.ContentAssocTypeDao  : Created Dao proxy(interface=com.landawn.ofbiz.dao.ContentAssocTypeDao, targetTableName=null, methods=203)
2026-05-30T13:12:20.688-07:00  INFO 12788 --- [ofbiz-abacus] [  restartedMain] c.landawn.ofbiz.dao.ContentAttributeDao  : Created Dao proxy(interface=com.landawn.ofbiz.dao.ContentAttributeDao, targetTableName=null, methods=293)
2026-05-30T13:12:20.786-07:00  INFO 12788 --- [ofbiz-abacus] [  restartedMain] c.landawn.ofbiz.dao.ContentKeywordDao    : Created Dao proxy(interface=com.landawn.ofbiz.dao.ContentKeywordDao, targetTableName=null, methods=293)
2026-05-30T13:12:20.878-07:00  INFO 12788 --- [ofbiz-abacus] [  restartedMain] c.landawn.ofbiz.dao.ContentMetaDataDao   : Created Dao proxy(interface=com.landawn.ofbiz.dao.ContentMetaDataDao, targetTableName=null, methods=293)
2026-05-30T13:12:20.965-07:00  INFO 12788 --- [ofbiz-abacus] [  restartedMain] c.landawn.ofbiz.dao.ContentPurposeDao    : Created Dao proxy(interface=com.landawn.ofbiz.dao.ContentPurposeDao, targetTableName=null, methods=293)
2026-05-30T13:12:21.008-07:00  INFO 12788 --- [ofbiz-abacus] [  restartedMain] c.l.ofbiz.dao.ContentPurposeTypeDao      : Created Dao proxy(interface=com.landawn.ofbiz.dao.ContentPurposeTypeDao, targetTableName=null, methods=203)
2026-05-30T13:12:21.101-07:00  INFO 12788 --- [ofbiz-abacus] [  restartedMain] c.landawn.ofbiz.dao.ContentRevisionDao   : Created Dao proxy(interface=com.landawn.ofbiz.dao.ContentRevisionDao, targetTableName=null, methods=293)
2026-05-30T13:12:21.205-07:00  INFO 12788 --- [ofbiz-abacus] [  restartedMain] c.l.ofbiz.dao.ContentRevisionItemDao     : Created Dao proxy(interface=com.landawn.ofbiz.dao.ContentRevisionItemDao, targetTableName=null, methods=293)
2026-05-30T13:12:21.290-07:00  INFO 12788 --- [ofbiz-abacus] [  restartedMain] com.landawn.ofbiz.dao.ContentRoleDao     : Created Dao proxy(interface=com.landawn.ofbiz.dao.ContentRoleDao, targetTableName=null, methods=293)
2026-05-30T13:12:21.344-07:00  INFO 12788 --- [ofbiz-abacus] [  restartedMain] com.landawn.ofbiz.dao.ContentTypeDao     : Created Dao proxy(interface=com.landawn.ofbiz.dao.ContentTypeDao, targetTableName=null, methods=293)
2026-05-30T13:12:21.405-07:00  INFO 12788 --- [ofbiz-abacus] [  restartedMain] c.landawn.ofbiz.dao.ContentTypeAttrDao   : Created Dao proxy(interface=com.landawn.ofbiz.dao.ContentTypeAttrDao, targetTableName=null, methods=293)
2026-05-30T13:12:21.497-07:00  INFO 12788 --- [ofbiz-abacus] [  restartedMain] c.landawn.ofbiz.dao.ContentApprovalDao   : Created Dao proxy(interface=com.landawn.ofbiz.dao.ContentApprovalDao, targetTableName=null, methods=293)
2026-05-30T13:12:21.551-07:00  INFO 12788 --- [ofbiz-abacus] [  restartedMain] com.landawn.ofbiz.dao.DataResourceDao    : Created Dao proxy(interface=com.landawn.ofbiz.dao.DataResourceDao, targetTableName=null, methods=293)
2026-05-30T13:12:21.604-07:00  INFO 12788 --- [ofbiz-abacus] [  restartedMain] c.l.ofbiz.dao.DataResourceAttributeDao   : Created Dao proxy(interface=com.landawn.ofbiz.dao.DataResourceAttributeDao, targetTableName=null, methods=293)
2026-05-30T13:12:21.675-07:00  INFO 12788 --- [ofbiz-abacus] [  restartedMain] c.landawn.ofbiz.dao.DataResourceRoleDao  : Created Dao proxy(interface=com.landawn.ofbiz.dao.DataResourceRoleDao, targetTableName=null, methods=293)
2026-05-30T13:12:21.726-07:00  INFO 12788 --- [ofbiz-abacus] [  restartedMain] c.landawn.ofbiz.dao.DataResourceTypeDao  : Created Dao proxy(interface=com.landawn.ofbiz.dao.DataResourceTypeDao, targetTableName=null, methods=293)
2026-05-30T13:12:21.857-07:00  INFO 12788 --- [ofbiz-abacus] [  restartedMain] c.l.ofbiz.dao.DataResourceTypeAttrDao    : Created Dao proxy(interface=com.landawn.ofbiz.dao.DataResourceTypeAttrDao, targetTableName=null, methods=293)
2026-05-30T13:12:21.910-07:00  INFO 12788 --- [ofbiz-abacus] [  restartedMain] com.landawn.ofbiz.dao.DataCategoryDao    : Created Dao proxy(interface=com.landawn.ofbiz.dao.DataCategoryDao, targetTableName=null, methods=293)
2026-05-30T13:12:21.958-07:00  INFO 12788 --- [ofbiz-abacus] [  restartedMain] com.landawn.ofbiz.dao.SurveyDao          : Created Dao proxy(interface=com.landawn.ofbiz.dao.SurveyDao, targetTableName=null, methods=203)
2026-05-30T13:12:22.017-07:00  INFO 12788 --- [ofbiz-abacus] [  restartedMain] com.landawn.ofbiz.dao.SurveyPageDao      : Created Dao proxy(interface=com.landawn.ofbiz.dao.SurveyPageDao, targetTableName=null, methods=293)
2026-05-30T13:12:22.083-07:00  INFO 12788 --- [ofbiz-abacus] [  restartedMain] c.landawn.ofbiz.dao.SurveyQuestionDao    : Created Dao proxy(interface=com.landawn.ofbiz.dao.SurveyQuestionDao, targetTableName=null, methods=293)
2026-05-30T13:12:22.155-07:00  INFO 12788 --- [ofbiz-abacus] [  restartedMain] c.l.ofbiz.dao.SurveyQuestionApplDao      : Created Dao proxy(interface=com.landawn.ofbiz.dao.SurveyQuestionApplDao, targetTableName=null, methods=293)
2026-05-30T13:12:22.213-07:00  INFO 12788 --- [ofbiz-abacus] [  restartedMain] c.l.ofbiz.dao.SurveyQuestionCategoryDao  : Created Dao proxy(interface=com.landawn.ofbiz.dao.SurveyQuestionCategoryDao, targetTableName=null, methods=293)
2026-05-30T13:12:22.272-07:00  INFO 12788 --- [ofbiz-abacus] [  restartedMain] c.l.ofbiz.dao.SurveyQuestionOptionDao    : Created Dao proxy(interface=com.landawn.ofbiz.dao.SurveyQuestionOptionDao, targetTableName=null, methods=293)
2026-05-30T13:12:22.343-07:00  INFO 12788 --- [ofbiz-abacus] [  restartedMain] c.landawn.ofbiz.dao.SurveyResponseDao    : Created Dao proxy(interface=com.landawn.ofbiz.dao.SurveyResponseDao, targetTableName=null, methods=293)
2026-05-30T13:12:22.444-07:00  INFO 12788 --- [ofbiz-abacus] [  restartedMain] c.l.ofbiz.dao.SurveyResponseAnswerDao    : Created Dao proxy(interface=com.landawn.ofbiz.dao.SurveyResponseAnswerDao, targetTableName=null, methods=293)
2026-05-30T13:12:22.562-07:00  INFO 12788 --- [ofbiz-abacus] [  restartedMain] c.landawn.ofbiz.dao.WebSiteContentDao    : Created Dao proxy(interface=com.landawn.ofbiz.dao.WebSiteContentDao, targetTableName=null, methods=293)
2026-05-30T13:12:22.681-07:00  INFO 12788 --- [ofbiz-abacus] [  restartedMain] c.landawn.ofbiz.dao.WebSitePathAliasDao  : Created Dao proxy(interface=com.landawn.ofbiz.dao.WebSitePathAliasDao, targetTableName=null, methods=293)
2026-05-30T13:12:22.726-07:00  INFO 12788 --- [ofbiz-abacus] [  restartedMain] c.l.ofbiz.dao.WebAnalyticsConfigDao      : Created Dao proxy(interface=com.landawn.ofbiz.dao.WebAnalyticsConfigDao, targetTableName=null, methods=203)
2026-05-30T13:12:22.765-07:00  INFO 12788 --- [ofbiz-abacus] [  restartedMain] com.landawn.ofbiz.dao.MimeTypeDao        : Created Dao proxy(interface=com.landawn.ofbiz.dao.MimeTypeDao, targetTableName=null, methods=203)
2026-05-30T13:12:22.817-07:00  INFO 12788 --- [ofbiz-abacus] [  restartedMain] c.l.ofbiz.dao.MimeTypeHtmlTemplateDao    : Created Dao proxy(interface=com.landawn.ofbiz.dao.MimeTypeHtmlTemplateDao, targetTableName=null, methods=293)
2026-05-30T13:12:22.851-07:00  INFO 12788 --- [ofbiz-abacus] [  restartedMain] com.landawn.ofbiz.dao.CharacterSetDao    : Created Dao proxy(interface=com.landawn.ofbiz.dao.CharacterSetDao, targetTableName=null, methods=203)
2026-05-30T13:12:22.902-07:00  INFO 12788 --- [ofbiz-abacus] [  restartedMain] com.landawn.ofbiz.dao.FileExtensionDao   : Created Dao proxy(interface=com.landawn.ofbiz.dao.FileExtensionDao, targetTableName=null, methods=293)
2026-05-30T13:12:22.946-07:00  INFO 12788 --- [ofbiz-abacus] [  restartedMain] c.l.ofbiz.dao.MetaDataPredicateDao       : Created Dao proxy(interface=com.landawn.ofbiz.dao.MetaDataPredicateDao, targetTableName=null, methods=203)
2026-05-30T13:12:23.008-07:00  INFO 12788 --- [ofbiz-abacus] [  restartedMain] c.landawn.ofbiz.dao.ElectronicTextDao    : Created Dao proxy(interface=com.landawn.ofbiz.dao.ElectronicTextDao, targetTableName=null, methods=293)
2026-05-30T13:12:26.799-07:00  INFO 12788 --- [ofbiz-abacus] [  restartedMain] com.landawn.ofbiz.dao.SubscriptionDao    : Created Dao proxy(interface=com.landawn.ofbiz.dao.SubscriptionDao, targetTableName=null, methods=293)
2026-05-30T13:12:26.908-07:00  INFO 12788 --- [ofbiz-abacus] [  restartedMain] c.l.ofbiz.dao.SubscriptionResourceDao    : Created Dao proxy(interface=com.landawn.ofbiz.dao.SubscriptionResourceDao, targetTableName=null, methods=293)
2026-05-30T13:12:31.296-07:00  INFO 12788 --- [ofbiz-abacus] [  restartedMain] c.l.ofbiz.dao.SubscriptionAttributeDao   : Created Dao proxy(interface=com.landawn.ofbiz.dao.SubscriptionAttributeDao, targetTableName=null, methods=293)
2026-05-30T13:12:36.172-07:00  INFO 12788 --- [ofbiz-abacus] [  restartedMain] c.l.o.d.SubscriptionFulfillmentPieceDao  : Created Dao proxy(interface=com.landawn.ofbiz.dao.SubscriptionFulfillmentPieceDao, targetTableName=null, methods=293)
2026-05-30T13:12:36.252-07:00  INFO 12788 --- [ofbiz-abacus] [  restartedMain] c.l.ofbiz.dao.SubscriptionTypeAttrDao    : Created Dao proxy(interface=com.landawn.ofbiz.dao.SubscriptionTypeAttrDao, targetTableName=null, methods=293)
2026-05-30T13:12:36.401-07:00  INFO 12788 --- [ofbiz-abacus] [  restartedMain] com.landawn.ofbiz.dao.EmplPositionDao    : Created Dao proxy(interface=com.landawn.ofbiz.dao.EmplPositionDao, targetTableName=null, methods=293)
2026-05-30T13:12:36.496-07:00  INFO 12788 --- [ofbiz-abacus] [  restartedMain] c.l.o.dao.EmplPositionFulfillmentDao     : Created Dao proxy(interface=com.landawn.ofbiz.dao.EmplPositionFulfillmentDao, targetTableName=null, methods=293)
2026-05-30T13:12:36.597-07:00  INFO 12788 --- [ofbiz-abacus] [  restartedMain] c.l.o.d.EmplPositionReportingStructDao   : Created Dao proxy(interface=com.landawn.ofbiz.dao.EmplPositionReportingStructDao, targetTableName=null, methods=293)
2026-05-30T13:12:36.737-07:00  INFO 12788 --- [ofbiz-abacus] [  restartedMain] c.l.o.dao.EmplPositionResponsibilityDao  : Created Dao proxy(interface=com.landawn.ofbiz.dao.EmplPositionResponsibilityDao, targetTableName=null, methods=293)
2026-05-30T13:12:36.843-07:00  INFO 12788 --- [ofbiz-abacus] [  restartedMain] c.landawn.ofbiz.dao.EmplPositionTypeDao  : Created Dao proxy(interface=com.landawn.ofbiz.dao.EmplPositionTypeDao, targetTableName=null, methods=293)
2026-05-30T13:12:36.941-07:00  INFO 12788 --- [ofbiz-abacus] [  restartedMain] c.l.ofbiz.dao.EmplPositionTypeRateDao    : Created Dao proxy(interface=com.landawn.ofbiz.dao.EmplPositionTypeRateDao, targetTableName=null, methods=293)
2026-05-30T13:12:37.069-07:00  INFO 12788 --- [ofbiz-abacus] [  restartedMain] com.landawn.ofbiz.dao.EmplLeaveDao       : Created Dao proxy(interface=com.landawn.ofbiz.dao.EmplLeaveDao, targetTableName=null, methods=293)
2026-05-30T13:12:37.152-07:00  INFO 12788 --- [ofbiz-abacus] [  restartedMain] c.l.ofbiz.dao.EmplLeaveReasonTypeDao     : Created Dao proxy(interface=com.landawn.ofbiz.dao.EmplLeaveReasonTypeDao, targetTableName=null, methods=293)
2026-05-30T13:12:37.234-07:00  INFO 12788 --- [ofbiz-abacus] [  restartedMain] com.landawn.ofbiz.dao.EmplLeaveTypeDao   : Created Dao proxy(interface=com.landawn.ofbiz.dao.EmplLeaveTypeDao, targetTableName=null, methods=293)
2026-05-30T13:12:37.331-07:00  INFO 12788 --- [ofbiz-abacus] [  restartedMain] com.landawn.ofbiz.dao.EmploymentDao      : Created Dao proxy(interface=com.landawn.ofbiz.dao.EmploymentDao, targetTableName=null, methods=293)
2026-05-30T13:12:37.385-07:00  WARN 12788 --- [ofbiz-abacus] [  restartedMain] com.landawn.abacus.type.TypeFactory      : Size of type pool reaches: 700 with initialized pool size: 8192
2026-05-30T13:12:37.466-07:00  INFO 12788 --- [ofbiz-abacus] [  restartedMain] com.landawn.ofbiz.dao.EmploymentAppDao   : Created Dao proxy(interface=com.landawn.ofbiz.dao.EmploymentAppDao, targetTableName=null, methods=293)
2026-05-30T13:12:37.614-07:00  INFO 12788 --- [ofbiz-abacus] [  restartedMain] c.l.o.dao.AgreementEmploymentApplDao     : Created Dao proxy(interface=com.landawn.ofbiz.dao.AgreementEmploymentApplDao, targetTableName=null, methods=293)
2026-05-30T13:12:37.749-07:00  INFO 12788 --- [ofbiz-abacus] [  restartedMain] com.landawn.ofbiz.dao.PartyBenefitDao    : Created Dao proxy(interface=com.landawn.ofbiz.dao.PartyBenefitDao, targetTableName=null, methods=293)
2026-05-30T13:12:37.837-07:00  INFO 12788 --- [ofbiz-abacus] [  restartedMain] com.landawn.ofbiz.dao.PartyQualDao       : Created Dao proxy(interface=com.landawn.ofbiz.dao.PartyQualDao, targetTableName=null, methods=293)
2026-05-30T13:12:37.917-07:00  INFO 12788 --- [ofbiz-abacus] [  restartedMain] com.landawn.ofbiz.dao.PartyResumeDao     : Created Dao proxy(interface=com.landawn.ofbiz.dao.PartyResumeDao, targetTableName=null, methods=293)
2026-05-30T13:12:38.021-07:00  INFO 12788 --- [ofbiz-abacus] [  restartedMain] com.landawn.ofbiz.dao.PartySkillDao      : Created Dao proxy(interface=com.landawn.ofbiz.dao.PartySkillDao, targetTableName=null, methods=293)
2026-05-30T13:12:38.088-07:00  INFO 12788 --- [ofbiz-abacus] [  restartedMain] com.landawn.ofbiz.dao.PayGradeDao        : Created Dao proxy(interface=com.landawn.ofbiz.dao.PayGradeDao, targetTableName=null, methods=203)
2026-05-30T13:12:38.195-07:00  INFO 12788 --- [ofbiz-abacus] [  restartedMain] com.landawn.ofbiz.dao.PayHistoryDao      : Created Dao proxy(interface=com.landawn.ofbiz.dao.PayHistoryDao, targetTableName=null, methods=293)
2026-05-30T13:12:38.319-07:00  INFO 12788 --- [ofbiz-abacus] [  restartedMain] c.l.ofbiz.dao.PayrollPreferenceDao       : Created Dao proxy(interface=com.landawn.ofbiz.dao.PayrollPreferenceDao, targetTableName=null, methods=293)
2026-05-30T13:12:41.982-07:00  INFO 12788 --- [ofbiz-abacus] [  restartedMain] com.landawn.ofbiz.dao.PerfReviewDao      : Created Dao proxy(interface=com.landawn.ofbiz.dao.PerfReviewDao, targetTableName=null, methods=293)
2026-05-30T13:12:46.470-07:00  INFO 12788 --- [ofbiz-abacus] [  restartedMain] c.landawn.ofbiz.dao.PerfReviewItemDao    : Created Dao proxy(interface=com.landawn.ofbiz.dao.PerfReviewItemDao, targetTableName=null, methods=293)
2026-05-30T13:12:46.570-07:00  INFO 12788 --- [ofbiz-abacus] [  restartedMain] c.landawn.ofbiz.dao.PerformanceNoteDao   : Created Dao proxy(interface=com.landawn.ofbiz.dao.PerformanceNoteDao, targetTableName=null, methods=293)
2026-05-30T13:12:46.645-07:00  INFO 12788 --- [ofbiz-abacus] [  restartedMain] c.l.ofbiz.dao.ResponsibilityTypeDao      : Created Dao proxy(interface=com.landawn.ofbiz.dao.ResponsibilityTypeDao, targetTableName=null, methods=293)
2026-05-30T13:12:46.735-07:00  INFO 12788 --- [ofbiz-abacus] [  restartedMain] c.l.ofbiz.dao.ValidResponsibilityDao     : Created Dao proxy(interface=com.landawn.ofbiz.dao.ValidResponsibilityDao, targetTableName=null, methods=293)
2026-05-30T13:12:47.028-07:00  INFO 12788 --- [ofbiz-abacus] [  restartedMain] com.landawn.ofbiz.dao.SalaryStepDao      : Created Dao proxy(interface=com.landawn.ofbiz.dao.SalaryStepDao, targetTableName=null, methods=293)
2026-05-30T13:12:47.117-07:00  INFO 12788 --- [ofbiz-abacus] [  restartedMain] com.landawn.ofbiz.dao.SkillTypeDao       : Created Dao proxy(interface=com.landawn.ofbiz.dao.SkillTypeDao, targetTableName=null, methods=293)
2026-05-30T13:12:47.168-07:00  INFO 12788 --- [ofbiz-abacus] [  restartedMain] c.l.ofbiz.dao.TerminationReasonDao       : Created Dao proxy(interface=com.landawn.ofbiz.dao.TerminationReasonDao, targetTableName=null, methods=203)
2026-05-30T13:12:47.227-07:00  INFO 12788 --- [ofbiz-abacus] [  restartedMain] c.landawn.ofbiz.dao.TerminationTypeDao   : Created Dao proxy(interface=com.landawn.ofbiz.dao.TerminationTypeDao, targetTableName=null, methods=293)
2026-05-30T13:12:47.294-07:00  INFO 12788 --- [ofbiz-abacus] [  restartedMain] c.l.ofbiz.dao.UnemploymentClaimDao       : Created Dao proxy(interface=com.landawn.ofbiz.dao.UnemploymentClaimDao, targetTableName=null, methods=203)
2026-05-30T13:12:47.380-07:00  INFO 12788 --- [ofbiz-abacus] [  restartedMain] com.landawn.ofbiz.dao.JobInterviewDao    : Created Dao proxy(interface=com.landawn.ofbiz.dao.JobInterviewDao, targetTableName=null, methods=293)
2026-05-30T13:12:47.444-07:00  INFO 12788 --- [ofbiz-abacus] [  restartedMain] c.landawn.ofbiz.dao.JobInterviewTypeDao  : Created Dao proxy(interface=com.landawn.ofbiz.dao.JobInterviewTypeDao, targetTableName=null, methods=203)
2026-05-30T13:12:47.515-07:00  INFO 12788 --- [ofbiz-abacus] [  restartedMain] c.landawn.ofbiz.dao.JobRequisitionDao    : Created Dao proxy(interface=com.landawn.ofbiz.dao.JobRequisitionDao, targetTableName=null, methods=293)
2026-05-30T13:12:48.165-07:00  INFO 12788 --- [ofbiz-abacus] [  restartedMain] com.landawn.ofbiz.dao.WorkEffortDao      : Created Dao proxy(interface=com.landawn.ofbiz.dao.WorkEffortDao, targetTableName=null, methods=293)
2026-05-30T13:12:53.438-07:00  INFO 12788 --- [ofbiz-abacus] [  restartedMain] c.l.o.dao.WorkEffortPartyAssignmentDao   : Created Dao proxy(interface=com.landawn.ofbiz.dao.WorkEffortPartyAssignmentDao, targetTableName=null, methods=293)
2026-05-30T13:12:53.638-07:00  INFO 12788 --- [ofbiz-abacus] [  restartedMain] c.landawn.ofbiz.dao.TechDataCalendarDao  : Created Dao proxy(interface=com.landawn.ofbiz.dao.TechDataCalendarDao, targetTableName=null, methods=293)
2026-05-30T13:12:53.690-07:00  INFO 12788 --- [ofbiz-abacus] [  restartedMain] c.l.ofbiz.dao.TechDataCalendarWeekDao    : Created Dao proxy(interface=com.landawn.ofbiz.dao.TechDataCalendarWeekDao, targetTableName=null, methods=203)
2026-05-30T13:12:53.771-07:00  INFO 12788 --- [ofbiz-abacus] [  restartedMain] c.l.ofbiz.dao.TechDataCalendarExcDayDao  : Created Dao proxy(interface=com.landawn.ofbiz.dao.TechDataCalendarExcDayDao, targetTableName=null, methods=293)
2026-05-30T13:12:53.840-07:00  INFO 12788 --- [ofbiz-abacus] [  restartedMain] c.l.o.dao.TechDataCalendarExcWeekDao     : Created Dao proxy(interface=com.landawn.ofbiz.dao.TechDataCalendarExcWeekDao, targetTableName=null, methods=293)
2026-05-30T13:12:53.915-07:00  INFO 12788 --- [ofbiz-abacus] [  restartedMain] c.l.ofbiz.dao.CostComponentCalcDao       : Created Dao proxy(interface=com.landawn.ofbiz.dao.CostComponentCalcDao, targetTableName=null, methods=293)
2026-05-30T13:12:54.251-07:00  INFO 12788 --- [ofbiz-abacus] [  restartedMain] c.l.o.dao.ProductManufacturingRuleDao    : Created Dao proxy(interface=com.landawn.ofbiz.dao.ProductManufacturingRuleDao, targetTableName=null, methods=293)
2026-05-30T13:13:04.261-07:00  INFO 12788 --- [ofbiz-abacus] [  restartedMain] c.landawn.ofbiz.dao.WorkEffortAssocDao   : Created Dao proxy(interface=com.landawn.ofbiz.dao.WorkEffortAssocDao, targetTableName=null, methods=293)
2026-05-30T13:13:08.891-07:00  INFO 12788 --- [ofbiz-abacus] [  restartedMain] c.l.ofbiz.dao.WorkEffortContentDao       : Created Dao proxy(interface=com.landawn.ofbiz.dao.WorkEffortContentDao, targetTableName=null, methods=293)
2026-05-30T13:13:13.180-07:00  INFO 12788 --- [ofbiz-abacus] [  restartedMain] c.l.ofbiz.dao.WorkEffortCostCalcDao      : Created Dao proxy(interface=com.landawn.ofbiz.dao.WorkEffortCostCalcDao, targetTableName=null, methods=293)
2026-05-30T13:13:18.980-07:00  INFO 12788 --- [ofbiz-abacus] [  restartedMain] c.l.o.dao.WorkEffortFixedAssetAssignDao  : Created Dao proxy(interface=com.landawn.ofbiz.dao.WorkEffortFixedAssetAssignDao, targetTableName=null, methods=293)
2026-05-30T13:13:22.893-07:00  INFO 12788 --- [ofbiz-abacus] [  restartedMain] c.l.o.dao.WorkEffortFixedAssetStdDao     : Created Dao proxy(interface=com.landawn.ofbiz.dao.WorkEffortFixedAssetStdDao, targetTableName=null, methods=293)
2026-05-30T13:13:27.747-07:00  INFO 12788 --- [ofbiz-abacus] [  restartedMain] c.l.ofbiz.dao.WorkEffortGoodStandardDao  : Created Dao proxy(interface=com.landawn.ofbiz.dao.WorkEffortGoodStandardDao, targetTableName=null, methods=293)
2026-05-30T13:13:33.226-07:00  INFO 12788 --- [ofbiz-abacus] [  restartedMain] c.l.o.dao.WorkEffortSkillStandardDao     : Created Dao proxy(interface=com.landawn.ofbiz.dao.WorkEffortSkillStandardDao, targetTableName=null, methods=293)
2026-05-30T13:13:33.341-07:00  INFO 12788 --- [ofbiz-abacus] [  restartedMain] c.l.ofbiz.dao.MarketingCampaignDao       : Created Dao proxy(interface=com.landawn.ofbiz.dao.MarketingCampaignDao, targetTableName=null, methods=293)
2026-05-30T13:13:33.427-07:00  INFO 12788 --- [ofbiz-abacus] [  restartedMain] c.l.ofbiz.dao.MarketingCampaignRoleDao   : Created Dao proxy(interface=com.landawn.ofbiz.dao.MarketingCampaignRoleDao, targetTableName=null, methods=293)
2026-05-30T13:13:33.543-07:00  INFO 12788 --- [ofbiz-abacus] [  restartedMain] com.landawn.ofbiz.dao.ContactListDao     : Created Dao proxy(interface=com.landawn.ofbiz.dao.ContactListDao, targetTableName=null, methods=293)
2026-05-30T13:13:33.671-07:00  INFO 12788 --- [ofbiz-abacus] [  restartedMain] c.landawn.ofbiz.dao.ContactListPartyDao  : Created Dao proxy(interface=com.landawn.ofbiz.dao.ContactListPartyDao, targetTableName=null, methods=293)
2026-05-30T13:13:33.791-07:00  INFO 12788 --- [ofbiz-abacus] [  restartedMain] c.l.ofbiz.dao.ContactListPartyStatusDao  : Created Dao proxy(interface=com.landawn.ofbiz.dao.ContactListPartyStatusDao, targetTableName=null, methods=293)
2026-05-30T13:13:33.965-07:00  INFO 12788 --- [ofbiz-abacus] [  restartedMain] c.l.ofbiz.dao.WebSiteContactListDao      : Created Dao proxy(interface=com.landawn.ofbiz.dao.WebSiteContactListDao, targetTableName=null, methods=293)
2026-05-30T13:13:34.074-07:00  INFO 12788 --- [ofbiz-abacus] [  restartedMain] com.landawn.ofbiz.dao.SegmentGroupDao    : Created Dao proxy(interface=com.landawn.ofbiz.dao.SegmentGroupDao, targetTableName=null, methods=293)
2026-05-30T13:13:34.350-07:00  INFO 12788 --- [ofbiz-abacus] [  restartedMain] c.l.o.dao.SegmentGroupClassificationDao  : Created Dao proxy(interface=com.landawn.ofbiz.dao.SegmentGroupClassificationDao, targetTableName=null, methods=293)
2026-05-30T13:13:34.460-07:00  INFO 12788 --- [ofbiz-abacus] [  restartedMain] c.landawn.ofbiz.dao.SegmentGroupGeoDao   : Created Dao proxy(interface=com.landawn.ofbiz.dao.SegmentGroupGeoDao, targetTableName=null, methods=293)
2026-05-30T13:13:34.624-07:00  INFO 12788 --- [ofbiz-abacus] [  restartedMain] c.landawn.ofbiz.dao.SegmentGroupRoleDao  : Created Dao proxy(interface=com.landawn.ofbiz.dao.SegmentGroupRoleDao, targetTableName=null, methods=293)
2026-05-30T13:13:34.708-07:00  INFO 12788 --- [ofbiz-abacus] [  restartedMain] com.landawn.ofbiz.dao.TrackingCodeDao    : Created Dao proxy(interface=com.landawn.ofbiz.dao.TrackingCodeDao, targetTableName=null, methods=293)
2026-05-30T13:13:34.755-07:00  INFO 12788 --- [ofbiz-abacus] [  restartedMain] c.landawn.ofbiz.dao.TrackingCodeTypeDao  : Created Dao proxy(interface=com.landawn.ofbiz.dao.TrackingCodeTypeDao, targetTableName=null, methods=203)
2026-05-30T13:13:34.812-07:00  INFO 12788 --- [ofbiz-abacus] [  restartedMain] com.landawn.ofbiz.dao.DataSourceDao      : Created Dao proxy(interface=com.landawn.ofbiz.dao.DataSourceDao, targetTableName=null, methods=293)
2026-05-30T13:13:34.862-07:00  INFO 12788 --- [ofbiz-abacus] [  restartedMain] c.landawn.ofbiz.dao.DataSourceTypeDao    : Created Dao proxy(interface=com.landawn.ofbiz.dao.DataSourceTypeDao, targetTableName=null, methods=203)
2026-05-30T13:13:35.015-07:00  INFO 12788 --- [ofbiz-abacus] [  restartedMain] com.landawn.ofbiz.dao.SalesForecastDao   : Created Dao proxy(interface=com.landawn.ofbiz.dao.SalesForecastDao, targetTableName=null, methods=293)
2026-05-30T13:13:35.139-07:00  INFO 12788 --- [ofbiz-abacus] [  restartedMain] c.l.ofbiz.dao.SalesForecastDetailDao     : Created Dao proxy(interface=com.landawn.ofbiz.dao.SalesForecastDetailDao, targetTableName=null, methods=293)
2026-05-30T13:13:35.214-07:00  INFO 12788 --- [ofbiz-abacus] [  restartedMain] c.landawn.ofbiz.dao.SalesOpportunityDao  : Created Dao proxy(interface=com.landawn.ofbiz.dao.SalesOpportunityDao, targetTableName=null, methods=293)
2026-05-30T13:13:35.286-07:00  INFO 12788 --- [ofbiz-abacus] [  restartedMain] c.landawn.ofbiz.dao.PartyDataSourceDao   : Created Dao proxy(interface=com.landawn.ofbiz.dao.PartyDataSourceDao, targetTableName=null, methods=293)
2026-05-30T13:13:35.400-07:00  INFO 12788 --- [ofbiz-abacus] [  restartedMain] c.l.ofbiz.dao.CommunicationEventDao      : Created Dao proxy(interface=com.landawn.ofbiz.dao.CommunicationEventDao, targetTableName=null, methods=293)
2026-05-30T13:13:35.617-07:00  INFO 12788 --- [ofbiz-abacus] [  restartedMain] com.landawn.ofbiz.dao.OrderHeaderDao     : Created Dao proxy(interface=com.landawn.ofbiz.dao.OrderHeaderDao, targetTableName=null, methods=293)
2026-05-30T13:13:36.084-07:00  INFO 12788 --- [ofbiz-abacus] [  restartedMain] com.landawn.ofbiz.dao.OrderItemDao       : Created Dao proxy(interface=com.landawn.ofbiz.dao.OrderItemDao, targetTableName=null, methods=293)
2026-05-30T13:13:36.345-07:00  INFO 12788 --- [ofbiz-abacus] [  restartedMain] com.landawn.ofbiz.dao.OrderRoleDao       : Created Dao proxy(interface=com.landawn.ofbiz.dao.OrderRoleDao, targetTableName=null, methods=293)
2026-05-30T13:13:36.633-07:00  INFO 12788 --- [ofbiz-abacus] [  restartedMain] com.landawn.ofbiz.dao.OrderStatusDao     : Created Dao proxy(interface=com.landawn.ofbiz.dao.OrderStatusDao, targetTableName=null, methods=293)
2026-05-30T13:13:37.025-07:00  INFO 12788 --- [ofbiz-abacus] [  restartedMain] c.landawn.ofbiz.dao.OrderAdjustmentDao   : Created Dao proxy(interface=com.landawn.ofbiz.dao.OrderAdjustmentDao, targetTableName=null, methods=293)
2026-05-30T13:13:37.282-07:00  INFO 12788 --- [ofbiz-abacus] [  restartedMain] c.l.ofbiz.dao.OrderItemShipGroupDao      : Created Dao proxy(interface=com.landawn.ofbiz.dao.OrderItemShipGroupDao, targetTableName=null, methods=293)
2026-05-30T13:13:40.719-07:00  INFO 12788 --- [ofbiz-abacus] [  restartedMain] c.l.o.dao.OrderItemShipGroupAssocDao     : Created Dao proxy(interface=com.landawn.ofbiz.dao.OrderItemShipGroupAssocDao, targetTableName=null, methods=293)
2026-05-30T13:13:40.964-07:00  INFO 12788 --- [ofbiz-abacus] [  restartedMain] com.landawn.ofbiz.dao.OrderTermDao       : Created Dao proxy(interface=com.landawn.ofbiz.dao.OrderTermDao, targetTableName=null, methods=293)
2026-05-30T13:13:41.185-07:00  INFO 12788 --- [ofbiz-abacus] [  restartedMain] c.l.ofbiz.dao.OrderDeliveryScheduleDao   : Created Dao proxy(interface=com.landawn.ofbiz.dao.OrderDeliveryScheduleDao, targetTableName=null, methods=293)
2026-05-30T13:13:41.364-07:00  INFO 12788 --- [ofbiz-abacus] [  restartedMain] c.l.ofbiz.dao.OrderPaymentPreferenceDao  : Created Dao proxy(interface=com.landawn.ofbiz.dao.OrderPaymentPreferenceDao, targetTableName=null, methods=293)
2026-05-30T13:13:41.447-07:00  INFO 12788 --- [ofbiz-abacus] [  restartedMain] com.landawn.ofbiz.dao.QuoteDao           : Created Dao proxy(interface=com.landawn.ofbiz.dao.QuoteDao, targetTableName=null, methods=293)
2026-05-30T13:13:42.049-07:00  INFO 12788 --- [ofbiz-abacus] [  restartedMain] com.landawn.ofbiz.dao.QuoteItemDao       : Created Dao proxy(interface=com.landawn.ofbiz.dao.QuoteItemDao, targetTableName=null, methods=293)
2026-05-30T13:13:42.153-07:00  INFO 12788 --- [ofbiz-abacus] [  restartedMain] com.landawn.ofbiz.dao.QuoteRoleDao       : Created Dao proxy(interface=com.landawn.ofbiz.dao.QuoteRoleDao, targetTableName=null, methods=293)
2026-05-30T13:13:42.263-07:00  INFO 12788 --- [ofbiz-abacus] [  restartedMain] com.landawn.ofbiz.dao.QuoteTermDao       : Created Dao proxy(interface=com.landawn.ofbiz.dao.QuoteTermDao, targetTableName=null, methods=293)
2026-05-30T13:13:42.358-07:00  INFO 12788 --- [ofbiz-abacus] [  restartedMain] c.landawn.ofbiz.dao.QuoteAttributeDao    : Created Dao proxy(interface=com.landawn.ofbiz.dao.QuoteAttributeDao, targetTableName=null, methods=293)
2026-05-30T13:13:42.457-07:00  INFO 12788 --- [ofbiz-abacus] [  restartedMain] c.landawn.ofbiz.dao.QuoteCoefficientDao  : Created Dao proxy(interface=com.landawn.ofbiz.dao.QuoteCoefficientDao, targetTableName=null, methods=293)
2026-05-30T13:13:42.600-07:00  INFO 12788 --- [ofbiz-abacus] [  restartedMain] c.landawn.ofbiz.dao.QuoteAdjustmentDao   : Created Dao proxy(interface=com.landawn.ofbiz.dao.QuoteAdjustmentDao, targetTableName=null, methods=293)
2026-05-30T13:13:47.185-07:00  INFO 12788 --- [ofbiz-abacus] [  restartedMain] c.landawn.ofbiz.dao.QuoteWorkEffortDao   : Created Dao proxy(interface=com.landawn.ofbiz.dao.QuoteWorkEffortDao, targetTableName=null, methods=293)
2026-05-30T13:13:47.293-07:00  INFO 12788 --- [ofbiz-abacus] [  restartedMain] com.landawn.ofbiz.dao.ReturnHeaderDao    : Created Dao proxy(interface=com.landawn.ofbiz.dao.ReturnHeaderDao, targetTableName=null, methods=293)
2026-05-30T13:13:53.003-07:00  INFO 12788 --- [ofbiz-abacus] [  restartedMain] com.landawn.ofbiz.dao.ReturnItemDao      : Created Dao proxy(interface=com.landawn.ofbiz.dao.ReturnItemDao, targetTableName=null, methods=293)
2026-05-30T13:13:53.488-07:00  INFO 12788 --- [ofbiz-abacus] [  restartedMain] c.landawn.ofbiz.dao.ReturnAdjustmentDao  : Created Dao proxy(interface=com.landawn.ofbiz.dao.ReturnAdjustmentDao, targetTableName=null, methods=293)
2026-05-30T13:13:53.631-07:00  INFO 12788 --- [ofbiz-abacus] [  restartedMain] c.l.ofbiz.dao.ReturnContactMechDao       : Created Dao proxy(interface=com.landawn.ofbiz.dao.ReturnContactMechDao, targetTableName=null, methods=293)
2026-05-30T13:13:55.061-07:00  INFO 12788 --- [ofbiz-abacus] [  restartedMain] com.landawn.ofbiz.dao.RequirementDao     : Created Dao proxy(interface=com.landawn.ofbiz.dao.RequirementDao, targetTableName=null, methods=293)
2026-05-30T13:13:56.535-07:00  INFO 12788 --- [ofbiz-abacus] [  restartedMain] c.landawn.ofbiz.dao.RequirementRoleDao   : Created Dao proxy(interface=com.landawn.ofbiz.dao.RequirementRoleDao, targetTableName=null, methods=293)
2026-05-30T13:13:58.067-07:00  INFO 12788 --- [ofbiz-abacus] [  restartedMain] c.l.ofbiz.dao.RequirementStatusDao       : Created Dao proxy(interface=com.landawn.ofbiz.dao.RequirementStatusDao, targetTableName=null, methods=293)
2026-05-30T13:13:58.151-07:00  INFO 12788 --- [ofbiz-abacus] [  restartedMain] c.l.ofbiz.dao.AllocationPlanHeaderDao    : Created Dao proxy(interface=com.landawn.ofbiz.dao.AllocationPlanHeaderDao, targetTableName=null, methods=293)
2026-05-30T13:14:01.149-07:00  INFO 12788 --- [ofbiz-abacus] [  restartedMain] c.l.ofbiz.dao.AllocationPlanItemDao      : Created Dao proxy(interface=com.landawn.ofbiz.dao.AllocationPlanItemDao, targetTableName=null, methods=293)
2026-05-30T13:14:01.244-07:00  INFO 12788 --- [ofbiz-abacus] [  restartedMain] com.landawn.ofbiz.dao.CustRequestDao     : Created Dao proxy(interface=com.landawn.ofbiz.dao.CustRequestDao, targetTableName=null, methods=293)
2026-05-30T13:14:01.366-07:00  INFO 12788 --- [ofbiz-abacus] [  restartedMain] c.landawn.ofbiz.dao.CustRequestItemDao   : Created Dao proxy(interface=com.landawn.ofbiz.dao.CustRequestItemDao, targetTableName=null, methods=293)
2026-05-30T13:14:01.572-07:00  INFO 12788 --- [ofbiz-abacus] [  restartedMain] c.l.ofbiz.dao.CustRequestItemNoteDao     : Created Dao proxy(interface=com.landawn.ofbiz.dao.CustRequestItemNoteDao, targetTableName=null, methods=293)
2026-05-30T13:14:01.685-07:00  INFO 12788 --- [ofbiz-abacus] [  restartedMain] c.landawn.ofbiz.dao.CustRequestPartyDao  : Created Dao proxy(interface=com.landawn.ofbiz.dao.CustRequestPartyDao, targetTableName=null, methods=293)
2026-05-30T13:14:01.786-07:00  INFO 12788 --- [ofbiz-abacus] [  restartedMain] com.landawn.ofbiz.dao.CreditCardDao      : Created Dao proxy(interface=com.landawn.ofbiz.dao.CreditCardDao, targetTableName=null, methods=293)
2026-05-30T13:14:01.890-07:00  INFO 12788 --- [ofbiz-abacus] [  restartedMain] com.landawn.ofbiz.dao.EftAccountDao      : Created Dao proxy(interface=com.landawn.ofbiz.dao.EftAccountDao, targetTableName=null, methods=293)
2026-05-30T13:14:02.025-07:00  INFO 12788 --- [ofbiz-abacus] [  restartedMain] com.landawn.ofbiz.dao.PartyDao           : Created Dao proxy(interface=com.landawn.ofbiz.dao.PartyDao, targetTableName=null, methods=293)
2026-05-30T13:14:02.136-07:00  INFO 12788 --- [ofbiz-abacus] [  restartedMain] com.landawn.ofbiz.dao.PersonDao          : Created Dao proxy(interface=com.landawn.ofbiz.dao.PersonDao, targetTableName=null, methods=293)
2026-05-30T13:14:02.237-07:00  INFO 12788 --- [ofbiz-abacus] [  restartedMain] c.landawn.ofbiz.dao.PartyAttributeDao    : Created Dao proxy(interface=com.landawn.ofbiz.dao.PartyAttributeDao, targetTableName=null, methods=293)
2026-05-30T13:14:02.363-07:00  INFO 12788 --- [ofbiz-abacus] [  restartedMain] com.landawn.ofbiz.dao.PartyRoleDao       : Created Dao proxy(interface=com.landawn.ofbiz.dao.PartyRoleDao, targetTableName=null, methods=293)
2026-05-30T13:14:02.464-07:00  INFO 12788 --- [ofbiz-abacus] [  restartedMain] c.l.ofbiz.dao.PartyClassificationDao     : Created Dao proxy(interface=com.landawn.ofbiz.dao.PartyClassificationDao, targetTableName=null, methods=293)
2026-05-30T13:14:02.596-07:00  INFO 12788 --- [ofbiz-abacus] [  restartedMain] c.l.o.dao.PartyClassificationGroupDao    : Created Dao proxy(interface=com.landawn.ofbiz.dao.PartyClassificationGroupDao, targetTableName=null, methods=293)
2026-05-30T13:14:02.709-07:00  INFO 12788 --- [ofbiz-abacus] [  restartedMain] com.landawn.ofbiz.dao.ContactMechDao     : Created Dao proxy(interface=com.landawn.ofbiz.dao.ContactMechDao, targetTableName=null, methods=293)
2026-05-30T13:14:02.830-07:00  INFO 12788 --- [ofbiz-abacus] [  restartedMain] c.landawn.ofbiz.dao.PartyContactMechDao  : Created Dao proxy(interface=com.landawn.ofbiz.dao.PartyContactMechDao, targetTableName=null, methods=293)
2026-05-30T13:14:03.109-07:00  INFO 12788 --- [ofbiz-abacus] [  restartedMain] c.l.o.dao.PartyContactMechPurposeDao     : Created Dao proxy(interface=com.landawn.ofbiz.dao.PartyContactMechPurposeDao, targetTableName=null, methods=293)
2026-05-30T13:14:03.228-07:00  INFO 12788 --- [ofbiz-abacus] [  restartedMain] com.landawn.ofbiz.dao.PartyContentDao    : Created Dao proxy(interface=com.landawn.ofbiz.dao.PartyContentDao, targetTableName=null, methods=293)
2026-05-30T13:14:03.304-07:00  INFO 12788 --- [ofbiz-abacus] [  restartedMain] com.landawn.ofbiz.dao.PartyNoteDao       : Created Dao proxy(interface=com.landawn.ofbiz.dao.PartyNoteDao, targetTableName=null, methods=293)
2026-05-30T13:14:03.378-07:00  INFO 12788 --- [ofbiz-abacus] [  restartedMain] c.l.ofbiz.dao.PartyIdentificationDao     : Created Dao proxy(interface=com.landawn.ofbiz.dao.PartyIdentificationDao, targetTableName=null, methods=293)
2026-05-30T13:14:03.473-07:00  INFO 12788 --- [ofbiz-abacus] [  restartedMain] c.landawn.ofbiz.dao.PartyInvitationDao   : Created Dao proxy(interface=com.landawn.ofbiz.dao.PartyInvitationDao, targetTableName=null, methods=293)
2026-05-30T13:14:03.575-07:00  INFO 12788 --- [ofbiz-abacus] [  restartedMain] c.l.o.dao.PartyInvitationGroupAssocDao   : Created Dao proxy(interface=com.landawn.ofbiz.dao.PartyInvitationGroupAssocDao, targetTableName=null, methods=293)
2026-05-30T13:14:03.686-07:00  INFO 12788 --- [ofbiz-abacus] [  restartedMain] c.l.o.dao.PartyInvitationRoleAssocDao    : Created Dao proxy(interface=com.landawn.ofbiz.dao.PartyInvitationRoleAssocDao, targetTableName=null, methods=293)
2026-05-30T13:14:03.715-07:00  WARN 12788 --- [ofbiz-abacus] [  restartedMain] com.landawn.abacus.type.TypeFactory      : Size of type pool reaches: 800 with initialized pool size: 8192
2026-05-30T13:14:03.798-07:00  INFO 12788 --- [ofbiz-abacus] [  restartedMain] c.l.ofbiz.dao.PartyRelationshipDao       : Created Dao proxy(interface=com.landawn.ofbiz.dao.PartyRelationshipDao, targetTableName=null, methods=293)
2026-05-30T13:14:03.867-07:00  INFO 12788 --- [ofbiz-abacus] [  restartedMain] c.l.ofbiz.dao.PartyRelationshipTypeDao   : Created Dao proxy(interface=com.landawn.ofbiz.dao.PartyRelationshipTypeDao, targetTableName=null, methods=293)
2026-05-30T13:14:03.950-07:00  INFO 12788 --- [ofbiz-abacus] [  restartedMain] c.l.ofbiz.dao.PartyCarrierAccountDao     : Created Dao proxy(interface=com.landawn.ofbiz.dao.PartyCarrierAccountDao, targetTableName=null, methods=293)
2026-05-30T13:14:04.031-07:00  INFO 12788 --- [ofbiz-abacus] [  restartedMain] c.landawn.ofbiz.dao.PartyTaxAuthInfoDao  : Created Dao proxy(interface=com.landawn.ofbiz.dao.PartyTaxAuthInfoDao, targetTableName=null, methods=293)
2026-05-30T13:14:04.119-07:00  INFO 12788 --- [ofbiz-abacus] [  restartedMain] com.landawn.ofbiz.dao.PartyRateDao       : Created Dao proxy(interface=com.landawn.ofbiz.dao.PartyRateDao, targetTableName=null, methods=293)
2026-05-30T13:14:04.193-07:00  INFO 12788 --- [ofbiz-abacus] [  restartedMain] com.landawn.ofbiz.dao.UserLoginDao       : Created Dao proxy(interface=com.landawn.ofbiz.dao.UserLoginDao, targetTableName=null, methods=293)
2026-05-30T13:14:04.267-07:00  INFO 12788 --- [ofbiz-abacus] [  restartedMain] c.l.ofbiz.dao.UserLoginSecurityGroupDao  : Created Dao proxy(interface=com.landawn.ofbiz.dao.UserLoginSecurityGroupDao, targetTableName=null, methods=293)
2026-05-30T13:14:04.347-07:00  INFO 12788 --- [ofbiz-abacus] [  restartedMain] com.landawn.ofbiz.dao.MaritalStatusDao   : Created Dao proxy(interface=com.landawn.ofbiz.dao.MaritalStatusDao, targetTableName=null, methods=293)
2026-05-30T13:14:04.416-07:00  INFO 12788 --- [ofbiz-abacus] [  restartedMain] c.l.ofbiz.dao.MaritalStatusTypeDao       : Created Dao proxy(interface=com.landawn.ofbiz.dao.MaritalStatusTypeDao, targetTableName=null, methods=293)
2026-05-30T13:14:04.484-07:00  INFO 12788 --- [ofbiz-abacus] [  restartedMain] com.landawn.ofbiz.dao.RoleTypeDao        : Created Dao proxy(interface=com.landawn.ofbiz.dao.RoleTypeDao, targetTableName=null, methods=293)
2026-05-30T13:14:04.601-07:00  INFO 12788 --- [ofbiz-abacus] [  restartedMain] c.landawn.ofbiz.dao.ProductStoreRoleDao  : Created Dao proxy(interface=com.landawn.ofbiz.dao.ProductStoreRoleDao, targetTableName=null, methods=293)
2026-05-30T13:14:04.710-07:00  INFO 12788 --- [ofbiz-abacus] [  restartedMain] c.l.ofbiz.dao.BillingAccountRoleDao      : Created Dao proxy(interface=com.landawn.ofbiz.dao.BillingAccountRoleDao, targetTableName=null, methods=293)
2026-05-30T13:14:04.812-07:00  INFO 12788 --- [ofbiz-abacus] [  restartedMain] c.l.ofbiz.dao.CommunicationEventRoleDao  : Created Dao proxy(interface=com.landawn.ofbiz.dao.CommunicationEventRoleDao, targetTableName=null, methods=293)
2026-05-30T13:14:04.938-07:00  INFO 12788 --- [ofbiz-abacus] [  restartedMain] c.l.o.dao.CommunicationEventPurposeDao   : Created Dao proxy(interface=com.landawn.ofbiz.dao.CommunicationEventPurposeDao, targetTableName=null, methods=293)
2026-05-30T13:14:05.052-07:00  INFO 12788 --- [ofbiz-abacus] [  restartedMain] c.l.o.dao.CommunicationEventProductDao   : Created Dao proxy(interface=com.landawn.ofbiz.dao.CommunicationEventProductDao, targetTableName=null, methods=293)
2026-05-30T13:14:05.212-07:00  INFO 12788 --- [ofbiz-abacus] [  restartedMain] c.l.o.dao.CommunicationEventReturnDao    : Created Dao proxy(interface=com.landawn.ofbiz.dao.CommunicationEventReturnDao, targetTableName=null, methods=293)
2026-05-30T13:14:05.601-07:00  INFO 12788 --- [ofbiz-abacus] [  restartedMain] c.l.o.dao.CommunicationEventOrderDao     : Created Dao proxy(interface=com.landawn.ofbiz.dao.CommunicationEventOrderDao, targetTableName=null, methods=293)
2026-05-30T13:14:09.959-07:00  INFO 12788 --- [ofbiz-abacus] [  restartedMain] c.l.o.dao.CommunicationEventWorkEffDao   : Created Dao proxy(interface=com.landawn.ofbiz.dao.CommunicationEventWorkEffDao, targetTableName=null, methods=293)
2026-05-30T13:14:10.082-07:00  INFO 12788 --- [ofbiz-abacus] [  restartedMain] c.l.ofbiz.dao.CommEventContentAssocDao   : Created Dao proxy(interface=com.landawn.ofbiz.dao.CommEventContentAssocDao, targetTableName=null, methods=293)
2026-05-30T13:14:10.199-07:00  INFO 12788 --- [ofbiz-abacus] [  restartedMain] com.landawn.ofbiz.dao.ShoppingListDao    : Created Dao proxy(interface=com.landawn.ofbiz.dao.ShoppingListDao, targetTableName=null, methods=293)
2026-05-30T13:14:10.400-07:00  INFO 12788 --- [ofbiz-abacus] [  restartedMain] c.landawn.ofbiz.dao.ShoppingListItemDao  : Created Dao proxy(interface=com.landawn.ofbiz.dao.ShoppingListItemDao, targetTableName=null, methods=293)
2026-05-30T13:14:10.617-07:00  INFO 12788 --- [ofbiz-abacus] [  restartedMain] com.landawn.ofbiz.dao.GiftCardDao        : Created Dao proxy(interface=com.landawn.ofbiz.dao.GiftCardDao, targetTableName=null, methods=293)
2026-05-30T13:14:10.800-07:00  INFO 12788 --- [ofbiz-abacus] [  restartedMain] com.landawn.ofbiz.dao.CheckAccountDao    : Created Dao proxy(interface=com.landawn.ofbiz.dao.CheckAccountDao, targetTableName=null, methods=293)
2026-05-30T13:14:10.864-07:00  INFO 12788 --- [ofbiz-abacus] [  restartedMain] c.landawn.ofbiz.dao.AddressMatchMapDao   : Created Dao proxy(interface=com.landawn.ofbiz.dao.AddressMatchMapDao, targetTableName=null, methods=203)
2026-05-30T13:14:10.938-07:00  INFO 12788 --- [ofbiz-abacus] [  restartedMain] c.l.ofbiz.dao.PartyIcsAvsOverrideDao     : Created Dao proxy(interface=com.landawn.ofbiz.dao.PartyIcsAvsOverrideDao, targetTableName=null, methods=293)
2026-05-30T13:14:11.006-07:00  INFO 12788 --- [ofbiz-abacus] [  restartedMain] com.landawn.ofbiz.dao.PostalAddressDao   : Created Dao proxy(interface=com.landawn.ofbiz.dao.PostalAddressDao, targetTableName=null, methods=293)
2026-05-30T13:14:11.101-07:00  INFO 12788 --- [ofbiz-abacus] [  restartedMain] com.landawn.ofbiz.dao.TelecomNumberDao   : Created Dao proxy(interface=com.landawn.ofbiz.dao.TelecomNumberDao, targetTableName=null, methods=293)
2026-05-30T13:14:11.181-07:00  INFO 12788 --- [ofbiz-abacus] [  restartedMain] com.landawn.ofbiz.dao.FtpAddressDao      : Created Dao proxy(interface=com.landawn.ofbiz.dao.FtpAddressDao, targetTableName=null, methods=293)
2026-05-30T13:14:11.572-07:00  INFO 12788 --- [ofbiz-abacus] [  restartedMain] com.landawn.ofbiz.dao.ProductDao         : Created Dao proxy(interface=com.landawn.ofbiz.dao.ProductDao, targetTableName=null, methods=293)
2026-05-30T13:14:16.337-07:00  INFO 12788 --- [ofbiz-abacus] [  restartedMain] com.landawn.ofbiz.dao.ProductAssocDao    : Created Dao proxy(interface=com.landawn.ofbiz.dao.ProductAssocDao, targetTableName=null, methods=293)
2026-05-30T13:14:16.425-07:00  INFO 12788 --- [ofbiz-abacus] [  restartedMain] c.landawn.ofbiz.dao.ProductAttributeDao  : Created Dao proxy(interface=com.landawn.ofbiz.dao.ProductAttributeDao, targetTableName=null, methods=293)
2026-05-30T13:14:16.631-07:00  INFO 12788 --- [ofbiz-abacus] [  restartedMain] c.landawn.ofbiz.dao.ProductContentDao    : Created Dao proxy(interface=com.landawn.ofbiz.dao.ProductContentDao, targetTableName=null, methods=293)
2026-05-30T13:14:16.777-07:00  INFO 12788 --- [ofbiz-abacus] [  restartedMain] c.landawn.ofbiz.dao.ProductKeywordDao    : Created Dao proxy(interface=com.landawn.ofbiz.dao.ProductKeywordDao, targetTableName=null, methods=293)
2026-05-30T13:14:16.933-07:00  INFO 12788 --- [ofbiz-abacus] [  restartedMain] com.landawn.ofbiz.dao.ProductPriceDao    : Created Dao proxy(interface=com.landawn.ofbiz.dao.ProductPriceDao, targetTableName=null, methods=293)
2026-05-30T13:14:17.034-07:00  INFO 12788 --- [ofbiz-abacus] [  restartedMain] c.l.o.dao.ProductCategoryAttributeDao    : Created Dao proxy(interface=com.landawn.ofbiz.dao.ProductCategoryAttributeDao, targetTableName=null, methods=293)
2026-05-30T13:14:17.120-07:00  INFO 12788 --- [ofbiz-abacus] [  restartedMain] c.l.ofbiz.dao.ProductCategoryLinkDao     : Created Dao proxy(interface=com.landawn.ofbiz.dao.ProductCategoryLinkDao, targetTableName=null, methods=293)
2026-05-30T13:14:17.319-07:00  INFO 12788 --- [ofbiz-abacus] [  restartedMain] c.l.ofbiz.dao.ProductCategoryRollupDao   : Created Dao proxy(interface=com.landawn.ofbiz.dao.ProductCategoryRollupDao, targetTableName=null, methods=293)
2026-05-30T13:14:17.401-07:00  INFO 12788 --- [ofbiz-abacus] [  restartedMain] c.landawn.ofbiz.dao.ProductFeatureDao    : Created Dao proxy(interface=com.landawn.ofbiz.dao.ProductFeatureDao, targetTableName=null, methods=293)
2026-05-30T13:14:17.512-07:00  INFO 12788 --- [ofbiz-abacus] [  restartedMain] c.l.ofbiz.dao.ProductFeatureApplDao      : Created Dao proxy(interface=com.landawn.ofbiz.dao.ProductFeatureApplDao, targetTableName=null, methods=293)
2026-05-30T13:14:17.574-07:00  INFO 12788 --- [ofbiz-abacus] [  restartedMain] c.l.ofbiz.dao.ProductFeatureGroupDao     : Created Dao proxy(interface=com.landawn.ofbiz.dao.ProductFeatureGroupDao, targetTableName=null, methods=203)
2026-05-30T13:14:17.647-07:00  INFO 12788 --- [ofbiz-abacus] [  restartedMain] c.l.ofbiz.dao.ProductFeatureCategoryDao  : Created Dao proxy(interface=com.landawn.ofbiz.dao.ProductFeatureCategoryDao, targetTableName=null, methods=293)
2026-05-30T13:14:17.720-07:00  INFO 12788 --- [ofbiz-abacus] [  restartedMain] c.l.ofbiz.dao.ProductFeatureTypeDao      : Created Dao proxy(interface=com.landawn.ofbiz.dao.ProductFeatureTypeDao, targetTableName=null, methods=293)
2026-05-30T13:14:17.854-07:00  INFO 12788 --- [ofbiz-abacus] [  restartedMain] c.l.ofbiz.dao.ProductStoreCatalogDao     : Created Dao proxy(interface=com.landawn.ofbiz.dao.ProductStoreCatalogDao, targetTableName=null, methods=293)
2026-05-30T13:14:18.016-07:00  INFO 12788 --- [ofbiz-abacus] [  restartedMain] c.l.ofbiz.dao.ProductStoreFacilityDao    : Created Dao proxy(interface=com.landawn.ofbiz.dao.ProductStoreFacilityDao, targetTableName=null, methods=293)
2026-05-30T13:14:18.112-07:00  INFO 12788 --- [ofbiz-abacus] [  restartedMain] com.landawn.ofbiz.dao.FacilityGroupDao   : Created Dao proxy(interface=com.landawn.ofbiz.dao.FacilityGroupDao, targetTableName=null, methods=293)
2026-05-30T13:14:18.217-07:00  INFO 12788 --- [ofbiz-abacus] [  restartedMain] c.landawn.ofbiz.dao.FacilityLocationDao  : Created Dao proxy(interface=com.landawn.ofbiz.dao.FacilityLocationDao, targetTableName=null, methods=293)
2026-05-30T13:14:18.347-07:00  INFO 12788 --- [ofbiz-abacus] [  restartedMain] c.landawn.ofbiz.dao.FacilityContentDao   : Created Dao proxy(interface=com.landawn.ofbiz.dao.FacilityContentDao, targetTableName=null, methods=293)
2026-05-30T13:14:18.502-07:00  INFO 12788 --- [ofbiz-abacus] [  restartedMain] c.l.ofbiz.dao.FacilityContactMechDao     : Created Dao proxy(interface=com.landawn.ofbiz.dao.FacilityContactMechDao, targetTableName=null, methods=293)
2026-05-30T13:14:18.625-07:00  INFO 12788 --- [ofbiz-abacus] [  restartedMain] com.landawn.ofbiz.dao.InventoryItemDao   : Created Dao proxy(interface=com.landawn.ofbiz.dao.InventoryItemDao, targetTableName=null, methods=293)
2026-05-30T13:15:38.664-07:00  INFO 12788 --- [ofbiz-abacus] [  restartedMain] c.l.ofbiz.dao.InventoryItemDetailDao     : Created Dao proxy(interface=com.landawn.ofbiz.dao.InventoryItemDetailDao, targetTableName=null, methods=293)
2026-05-30T13:15:38.750-07:00  INFO 12788 --- [ofbiz-abacus] [  restartedMain] c.l.ofbiz.dao.InventoryItemLabelDao      : Created Dao proxy(interface=com.landawn.ofbiz.dao.InventoryItemLabelDao, targetTableName=null, methods=293)
2026-05-30T13:16:13.392-07:00  INFO 12788 --- [ofbiz-abacus] [  restartedMain] c.l.ofbiz.dao.InventoryTransferDao       : Created Dao proxy(interface=com.landawn.ofbiz.dao.InventoryTransferDao, targetTableName=null, methods=293)
2026-05-30T13:16:13.489-07:00  INFO 12788 --- [ofbiz-abacus] [  restartedMain] c.l.ofbiz.dao.GoodIdentificationDao      : Created Dao proxy(interface=com.landawn.ofbiz.dao.GoodIdentificationDao, targetTableName=null, methods=293)
2026-05-30T13:16:13.557-07:00  INFO 12788 --- [ofbiz-abacus] [  restartedMain] com.landawn.ofbiz.dao.ProductPromoDao    : Created Dao proxy(interface=com.landawn.ofbiz.dao.ProductPromoDao, targetTableName=null, methods=293)
2026-05-30T13:16:13.638-07:00  INFO 12788 --- [ofbiz-abacus] [  restartedMain] c.landawn.ofbiz.dao.ProductPromoCodeDao  : Created Dao proxy(interface=com.landawn.ofbiz.dao.ProductPromoCodeDao, targetTableName=null, methods=293)
2026-05-30T13:16:13.754-07:00  INFO 12788 --- [ofbiz-abacus] [  restartedMain] com.landawn.ofbiz.dao.ProductReviewDao   : Created Dao proxy(interface=com.landawn.ofbiz.dao.ProductReviewDao, targetTableName=null, methods=293)
2026-05-30T13:16:13.855-07:00  INFO 12788 --- [ofbiz-abacus] [  restartedMain] c.landawn.ofbiz.dao.ProductFacilityDao   : Created Dao proxy(interface=com.landawn.ofbiz.dao.ProductFacilityDao, targetTableName=null, methods=293)
2026-05-30T13:16:22.496-07:00  INFO 12788 --- [ofbiz-abacus] [  restartedMain] com.landawn.ofbiz.dao.ShipmentDao        : Created Dao proxy(interface=com.landawn.ofbiz.dao.ShipmentDao, targetTableName=null, methods=293)
2026-05-30T13:16:28.274-07:00  INFO 12788 --- [ofbiz-abacus] [  restartedMain] com.landawn.ofbiz.dao.ShipmentItemDao    : Created Dao proxy(interface=com.landawn.ofbiz.dao.ShipmentItemDao, targetTableName=null, methods=293)
2026-05-30T13:16:28.350-07:00  INFO 12788 --- [ofbiz-abacus] [  restartedMain] c.landawn.ofbiz.dao.KeywordThesaurusDao  : Created Dao proxy(interface=com.landawn.ofbiz.dao.KeywordThesaurusDao, targetTableName=null, methods=293)
2026-05-30T13:16:32.056-07:00  INFO 12788 --- [ofbiz-abacus] [  restartedMain] c.l.ofbiz.dao.CarrierShipmentMethodDao   : Created Dao proxy(interface=com.landawn.ofbiz.dao.CarrierShipmentMethodDao, targetTableName=null, methods=293)
2026-05-30T13:16:32.140-07:00  INFO 12788 --- [ofbiz-abacus] [  restartedMain] com.landawn.ofbiz.dao.PicklistDao        : Created Dao proxy(interface=com.landawn.ofbiz.dao.PicklistDao, targetTableName=null, methods=293)
2026-05-30T13:16:32.567-07:00  INFO 12788 --- [ofbiz-abacus] [  restartedMain] com.landawn.ofbiz.dao.GeoDao             : Created Dao proxy(interface=com.landawn.ofbiz.dao.GeoDao, targetTableName=null, methods=293)
2026-05-30T13:16:32.661-07:00  INFO 12788 --- [ofbiz-abacus] [  restartedMain] com.landawn.ofbiz.dao.GeoAssocDao        : Created Dao proxy(interface=com.landawn.ofbiz.dao.GeoAssocDao, targetTableName=null, methods=293)
2026-05-30T13:16:32.797-07:00  INFO 12788 --- [ofbiz-abacus] [  restartedMain] com.landawn.ofbiz.dao.JobSandboxDao      : Created Dao proxy(interface=com.landawn.ofbiz.dao.JobSandboxDao, targetTableName=null, methods=293)
2026-05-30T13:16:32.940-07:00  INFO 12788 --- [ofbiz-abacus] [  restartedMain] c.landawn.ofbiz.dao.JobManagerLockDao    : Created Dao proxy(interface=com.landawn.ofbiz.dao.JobManagerLockDao, targetTableName=null, methods=293)
2026-05-30T13:16:33.028-07:00  INFO 12788 --- [ofbiz-abacus] [  restartedMain] com.landawn.ofbiz.dao.EntitySyncDao      : Created Dao proxy(interface=com.landawn.ofbiz.dao.EntitySyncDao, targetTableName=null, methods=203)
2026-05-30T13:16:33.153-07:00  INFO 12788 --- [ofbiz-abacus] [  restartedMain] c.l.o.dao.SecurityGroupPermissionDao     : Created Dao proxy(interface=com.landawn.ofbiz.dao.SecurityGroupPermissionDao, targetTableName=null, methods=293)
2026-05-30T13:16:42.612-07:00  INFO 12788 --- [ofbiz-abacus] [  restartedMain] c.l.ofbiz.dao.WorkEffortContactMechDao   : Created Dao proxy(interface=com.landawn.ofbiz.dao.WorkEffortContactMechDao, targetTableName=null, methods=293)
2026-05-30T13:17:02.258-07:00  INFO 12788 --- [ofbiz-abacus] [  restartedMain] c.l.ofbiz.dao.WorkEffortKeywordDao       : Created Dao proxy(interface=com.landawn.ofbiz.dao.WorkEffortKeywordDao, targetTableName=null, methods=293)
2026-05-30T13:17:58.778-07:00  INFO 12788 --- [ofbiz-abacus] [  restartedMain] c.landawn.ofbiz.dao.WorkEffortStatusDao  : Created Dao proxy(interface=com.landawn.ofbiz.dao.WorkEffortStatusDao, targetTableName=null, methods=293)
